Actinidia_chinensis	Ach_TF_list.txt	Ach_TF_binding_motifs.meme	Ach.bg
Aegilops_tauschii	Ata_TF_list.txt	Ata_TF_binding_motifs.meme	Ata.bg
Aethionema_arabicum	Aar_TF_list.txt	Aar_TF_binding_motifs.meme	Aar.bg
Amaranthus_hypochondriacus	Ahp_TF_list.txt	Ahp_TF_binding_motifs.meme	Ahp.bg
Amborella_trichopoda	Atr_TF_list.txt	Atr_TF_binding_motifs.meme	Atr.bg
Ananas_comosus	Acm_TF_list.txt	Acm_TF_binding_motifs.meme	Acm.bg
Aquilegia_coerulea	Aco_TF_list.txt	Aco_TF_binding_motifs.meme	Aco.bg
Arabidopsis_halleri	Aha_TF_list.txt	Aha_TF_binding_motifs.meme	Aha.bg
Arabidopsis_lyrata	Aly_TF_list.txt	Aly_TF_binding_motifs.meme	Aly.bg
Arabidopsis_thaliana	Ath_TF_list.txt	Ath_TF_binding_motifs.meme	Ath.bg
Arabis_alpina	Aal_TF_list.txt	Aal_TF_binding_motifs.meme	Aal.bg
Arachis_duranensis	Adu_TF_list.txt	Adu_TF_binding_motifs.meme	Adu.bg
Arachis_ipaensis	Aip_TF_list.txt	Aip_TF_binding_motifs.meme	Aip.bg
Auxenochlorella_protothecoides	Apr_TF_list.txt	Apr_TF_binding_motifs.meme	Apr.bg
Azadirachta_indica	Ain_TF_list.txt	Ain_TF_binding_motifs.meme	Ain.bg
Bathycoccus_prasinos	Bpr_TF_list.txt	Bpr_TF_binding_motifs.meme	Bpr.bg
Beta_vulgaris	Bvu_TF_list.txt	Bvu_TF_binding_motifs.meme	Bvu.bg
Boechera_stricta	Bst_TF_list.txt	Bst_TF_binding_motifs.meme	Bst.bg
Brachypodium_distachyon	Bdi_TF_list.txt	Bdi_TF_binding_motifs.meme	Bdi.bg
Brachypodium_stacei	Bsa_TF_list.txt	Bsa_TF_binding_motifs.meme	Bsa.bg
Brassica_napus	Bna_TF_list.txt	Bna_TF_binding_motifs.meme	Bna.bg
Brassica_oleracea	Bol_TF_list.txt	Bol_TF_binding_motifs.meme	Bol.bg
Brassica_rapa	Bra_TF_list.txt	Bra_TF_binding_motifs.meme	Bra.bg
Cajanus_cajan	Cca_TF_list.txt	Cca_TF_binding_motifs.meme	Cca.bg
Camelina_sativa	Cas_TF_list.txt	Cas_TF_binding_motifs.meme	Cas.bg
Cannabis_sativa	Csa_TF_list.txt	Csa_TF_binding_motifs.meme	Csa.bg
Capsella_grandiflora	Cgr_TF_list.txt	Cgr_TF_binding_motifs.meme	Cgr.bg
Capsella_rubella	Cru_TF_list.txt	Cru_TF_binding_motifs.meme	Cru.bg
Capsicum_annuum	Can_TF_list.txt	Can_TF_binding_motifs.meme	Can.bg
Carica_papaya	Cpa_TF_list.txt	Cpa_TF_binding_motifs.meme	Cpa.bg
Castanea_mollissima	Cmo_TF_list.txt	Cmo_TF_binding_motifs.meme	Cmo.bg
Catharanthus_roseus	Cro_TF_list.txt	Cro_TF_binding_motifs.meme	Cro.bg
Chlamydomonas_reinhardtii	Cre_TF_list.txt	Cre_TF_binding_motifs.meme	Cre.bg
Chlorella_variabilis_NC64A	Cnc_TF_list.txt	Cnc_TF_binding_motifs.meme	Cnc.bg
Cicer_arietinum	Car_TF_list.txt	Car_TF_binding_motifs.meme	Car.bg
Citrullus_lanatus	Cla_TF_list.txt	Cla_TF_binding_motifs.meme	Cla.bg
Citrus_clementina	Ccl_TF_list.txt	Ccl_TF_binding_motifs.meme	Ccl.bg
Citrus_sinensis	Csi_TF_list.txt	Csi_TF_binding_motifs.meme	Csi.bg
Coccomyxa_subellipsoidea_C-169	Csc_TF_list.txt	Csc_TF_binding_motifs.meme	Csc.bg
Coffea_canephora	Ccn_TF_list.txt	Ccn_TF_binding_motifs.meme	Ccn.bg
Cucumis_melo	Cme_TF_list.txt	Cme_TF_binding_motifs.meme	Cme.bg
Cucumis_sativus	Csg_TF_list.txt	Csg_TF_binding_motifs.meme	Csg.bg
Daucus_carota	Dca_TF_list.txt	Dca_TF_binding_motifs.meme	Dca.bg
Dianthus_caryophyllus	Dcr_TF_list.txt	Dcr_TF_binding_motifs.meme	Dcr.bg
Dichanthelium_oligosanthes	Dol_TF_list.txt	Dol_TF_binding_motifs.meme	Dol.bg
Dorcoceras_hygrometricum	Dhy_TF_list.txt	Dhy_TF_binding_motifs.meme	Dhy.bg
Dunaliella_salina	Dsa_TF_list.txt	Dsa_TF_binding_motifs.meme	Dsa.bg
Elaeis_guineensis	Egu_TF_list.txt	Egu_TF_binding_motifs.meme	Egu.bg
Eragrostis_tef	Ete_TF_list.txt	Ete_TF_binding_motifs.meme	Ete.bg
Eucalyptus_camaldulensis	Eca_TF_list.txt	Eca_TF_binding_motifs.meme	Eca.bg
Eucalyptus_grandis	Egr_TF_list.txt	Egr_TF_binding_motifs.meme	Egr.bg
Eutrema_salsugineum	Esa_TF_list.txt	Esa_TF_binding_motifs.meme	Esa.bg
Fragaria_vesca	Fve_TF_list.txt	Fve_TF_binding_motifs.meme	Fve.bg
Fragaria_x_ananassa	Fan_TF_list.txt	Fan_TF_binding_motifs.meme	Fan.bg
Genlisea_aurea	Gau_TF_list.txt	Gau_TF_binding_motifs.meme	Gau.bg
Glycine_max	Gma_TF_list.txt	Gma_TF_binding_motifs.meme	Gma.bg
Glycine_soja	Gso_TF_list.txt	Gso_TF_binding_motifs.meme	Gso.bg
Gonium_pectorale	Gpe_TF_list.txt	Gpe_TF_binding_motifs.meme	Gpe.bg
Gossypium_arboreum	Gar_TF_list.txt	Gar_TF_binding_motifs.meme	Gar.bg
Gossypium_hirsutum	Ghi_TF_list.txt	Ghi_TF_binding_motifs.meme	Ghi.bg
Gossypium_raimondii	Gra_TF_list.txt	Gra_TF_binding_motifs.meme	Gra.bg
Helicosporidium	Hel_TF_list.txt	Hel_TF_binding_motifs.meme	Hel.bg
Hordeum_vulgare	Hvu_TF_list.txt	Hvu_TF_binding_motifs.meme	Hvu.bg
Humulus_lupulus	Hlu_TF_list.txt	Hlu_TF_binding_motifs.meme	Hlu.bg
Ipomoea_trifida	Itr_TF_list.txt	Itr_TF_binding_motifs.meme	Itr.bg
Jatropha_curcas	Jcu_TF_list.txt	Jcu_TF_binding_motifs.meme	Jcu.bg
Juglans_regia	Jre_TF_list.txt	Jre_TF_binding_motifs.meme	Jre.bg
Kalanchoe_laxiflora	Kla_TF_list.txt	Kla_TF_binding_motifs.meme	Kla.bg
Kalanchoe_marnieriana	Kma_TF_list.txt	Kma_TF_binding_motifs.meme	Kma.bg
Klebsormidium_flaccidum	Kfl_TF_list.txt	Kfl_TF_binding_motifs.meme	Kfl.bg
Leersia_perrieri	Lpe_TF_list.txt	Lpe_TF_binding_motifs.meme	Lpe.bg
Linum_usitatissimum	Lus_TF_list.txt	Lus_TF_binding_motifs.meme	Lus.bg
Lotus_japonicus	Lja_TF_list.txt	Lja_TF_binding_motifs.meme	Lja.bg
Malus_domestica	Mdo_TF_list.txt	Mdo_TF_binding_motifs.meme	Mdo.bg
Manihot_esculenta	Mes_TF_list.txt	Mes_TF_binding_motifs.meme	Mes.bg
Marchantia_polymorpha	Mpo_TF_list.txt	Mpo_TF_binding_motifs.meme	Mpo.bg
Medicago_truncatula	Mtr_TF_list.txt	Mtr_TF_binding_motifs.meme	Mtr.bg
Micromonas_pusilla_CCMP1545	Mpu_TF_list.txt	Mpu_TF_binding_motifs.meme	Mpu.bg
Micromonas_sp._RCC299	Mrc_TF_list.txt	Mrc_TF_binding_motifs.meme	Mrc.bg
Mimulus_guttatus	Mgu_TF_list.txt	Mgu_TF_binding_motifs.meme	Mgu.bg
Monoraphidium_neglectum	Mne_TF_list.txt	Mne_TF_binding_motifs.meme	Mne.bg
Morus_notabilis	Mno_TF_list.txt	Mno_TF_binding_motifs.meme	Mno.bg
Musa_acuminata	Mac_TF_list.txt	Mac_TF_binding_motifs.meme	Mac.bg
Nelumbo_nucifera	Nnu_TF_list.txt	Nnu_TF_binding_motifs.meme	Nnu.bg
Nicotiana_benthamiana	Nbe_TF_list.txt	Nbe_TF_binding_motifs.meme	Nbe.bg
Nicotiana_sylvestris	Nsy_TF_list.txt	Nsy_TF_binding_motifs.meme	Nsy.bg
Nicotiana_tabacum	Nta_TF_list.txt	Nta_TF_binding_motifs.meme	Nta.bg
Nicotiana_tomentosiformis	Nto_TF_list.txt	Nto_TF_binding_motifs.meme	Nto.bg
Ocimum_tenuiflorum	Ote_TF_list.txt	Ote_TF_binding_motifs.meme	Ote.bg
Oropetium_thomaeum	Oth_TF_list.txt	Oth_TF_binding_motifs.meme	Oth.bg
Oryza_barthii	Oba_TF_list.txt	Oba_TF_binding_motifs.meme	Oba.bg
Oryza_brachyantha	Obr_TF_list.txt	Obr_TF_binding_motifs.meme	Obr.bg
Oryza_glaberrima	Ogl_TF_list.txt	Ogl_TF_binding_motifs.meme	Ogl.bg
Oryza_glumaepatula	Ogu_TF_list.txt	Ogu_TF_binding_motifs.meme	Ogu.bg
Oryza_longistaminata	Olo_TF_list.txt	Olo_TF_binding_motifs.meme	Olo.bg
Oryza_meridionalis	Ome_TF_list.txt	Ome_TF_binding_motifs.meme	Ome.bg
Oryza_nivara	Oni_TF_list.txt	Oni_TF_binding_motifs.meme	Oni.bg
Oryza_punctata	Opu_TF_list.txt	Opu_TF_binding_motifs.meme	Opu.bg
Oryza_rufipogon	Oru_TF_list.txt	Oru_TF_binding_motifs.meme	Oru.bg
Oryza_sativa_subsp._indica	Osi_TF_list.txt	Osi_TF_binding_motifs.meme	Osi.bg
Oryza_sativa_subsp._japonica	Osj_TF_list.txt	Osj_TF_binding_motifs.meme	Osj.bg
Ostreococcus_lucimarinus	Olu_TF_list.txt	Olu_TF_binding_motifs.meme	Olu.bg
Ostreococcus_sp._RCC809	Orc_TF_list.txt	Orc_TF_binding_motifs.meme	Orc.bg
Ostreococcus_tauri	Ota_TF_list.txt	Ota_TF_binding_motifs.meme	Ota.bg
Panicum_hallii	Pha_TF_list.txt	Pha_TF_binding_motifs.meme	Pha.bg
Panicum_virgatum	Pvi_TF_list.txt	Pvi_TF_binding_motifs.meme	Pvi.bg
Petunia_axillaris	Pax_TF_list.txt	Pax_TF_binding_motifs.meme	Pax.bg
Petunia_inflata	Pin_TF_list.txt	Pin_TF_binding_motifs.meme	Pin.bg
Phalaenopsis_equestris	Peq_TF_list.txt	Peq_TF_binding_motifs.meme	Peq.bg
Phaseolus_vulgaris	Pvu_TF_list.txt	Pvu_TF_binding_motifs.meme	Pvu.bg
Phoenix_dactylifera	Pda_TF_list.txt	Pda_TF_binding_motifs.meme	Pda.bg
Phyllostachys_heterocycla	Phe_TF_list.txt	Phe_TF_binding_motifs.meme	Phe.bg
Physcomitrella_patens	Ppa_TF_list.txt	Ppa_TF_binding_motifs.meme	Ppa.bg
Picea_abies	Pab_TF_list.txt	Pab_TF_binding_motifs.meme	Pab.bg
Picochlorum_sp._SENEW3	Pse_TF_list.txt	Pse_TF_binding_motifs.meme	Pse.bg
Populus_euphratica	Peu_TF_list.txt	Peu_TF_binding_motifs.meme	Peu.bg
Populus_trichocarpa	Ptr_TF_list.txt	Ptr_TF_binding_motifs.meme	Ptr.bg
Prunus_mume	Pmu_TF_list.txt	Pmu_TF_binding_motifs.meme	Pmu.bg
Prunus_persica	Ppe_TF_list.txt	Ppe_TF_binding_motifs.meme	Ppe.bg
Pseudotsuga_menziesii	Pme_TF_list.txt	Pme_TF_binding_motifs.meme	Pme.bg
Pyrus_bretschneideri	Pbr_TF_list.txt	Pbr_TF_binding_motifs.meme	Pbr.bg
Raphanus_raphanistrum	Rra_TF_list.txt	Rra_TF_binding_motifs.meme	Rra.bg
Raphanus_sativus	Rsa_TF_list.txt	Rsa_TF_binding_motifs.meme	Rsa.bg
Ricinus_communis	Rco_TF_list.txt	Rco_TF_binding_motifs.meme	Rco.bg
Salix_purpurea	Spu_TF_list.txt	Spu_TF_binding_motifs.meme	Spu.bg
Salvia_miltiorrhiza	Smi_TF_list.txt	Smi_TF_binding_motifs.meme	Smi.bg
Selaginella_moellendorffii	Smo_TF_list.txt	Smo_TF_binding_motifs.meme	Smo.bg
Sesamum_indicum	Sin_TF_list.txt	Sin_TF_binding_motifs.meme	Sin.bg
Setaria_italica	Sit_TF_list.txt	Sit_TF_binding_motifs.meme	Sit.bg
Setaria_viridis	Svi_TF_list.txt	Svi_TF_binding_motifs.meme	Svi.bg
Sisymbrium_irio	Sir_TF_list.txt	Sir_TF_binding_motifs.meme	Sir.bg
Solanum_lycopersicum	Sly_TF_list.txt	Sly_TF_binding_motifs.meme	Sly.bg
Solanum_melongena	Sme_TF_list.txt	Sme_TF_binding_motifs.meme	Sme.bg
Solanum_pennellii	Spe_TF_list.txt	Spe_TF_binding_motifs.meme	Spe.bg
Solanum_pimpinellifolium	Spi_TF_list.txt	Spi_TF_binding_motifs.meme	Spi.bg
Solanum_tuberosum	Stu_TF_list.txt	Stu_TF_binding_motifs.meme	Stu.bg
Sorghum_bicolor	Sbi_TF_list.txt	Sbi_TF_binding_motifs.meme	Sbi.bg
Sphagnum_fallax	Sfa_TF_list.txt	Sfa_TF_binding_motifs.meme	Sfa.bg
Spinacia_oleracea	Sol_TF_list.txt	Sol_TF_binding_motifs.meme	Sol.bg
Spirodela_polyrhiza	Spo_TF_list.txt	Spo_TF_binding_motifs.meme	Spo.bg
Tarenaya_hassleriana	Tha_TF_list.txt	Tha_TF_binding_motifs.meme	Tha.bg
Thellungiella_parvula	Tpa_TF_list.txt	Tpa_TF_binding_motifs.meme	Tpa.bg
Theobroma_cacao	Tca_TF_list.txt	Tca_TF_binding_motifs.meme	Tca.bg
Trifolium_pratense	Tpr_TF_list.txt	Tpr_TF_binding_motifs.meme	Tpr.bg
Triticum_aestivum	Tae_TF_list.txt	Tae_TF_binding_motifs.meme	Tae.bg
Triticum_urartu	Tur_TF_list.txt	Tur_TF_binding_motifs.meme	Tur.bg
Utricularia_gibba	Ugi_TF_list.txt	Ugi_TF_binding_motifs.meme	Ugi.bg
Vigna_angularis	Van_TF_list.txt	Van_TF_binding_motifs.meme	Van.bg
Vigna_radiata	Vra_TF_list.txt	Vra_TF_binding_motifs.meme	Vra.bg
Vitis_vinifera	Vvi_TF_list.txt	Vvi_TF_binding_motifs.meme	Vvi.bg
Volvox_carteri	Vca_TF_list.txt	Vca_TF_binding_motifs.meme	Vca.bg
Zea_mays	Zma_TF_list.txt	Zma_TF_binding_motifs.meme	Zma.bg
Ziziphus_jujuba	Zju_TF_list.txt	Zju_TF_binding_motifs.meme	Zju.bg
Zostera_marina	Zmr_TF_list.txt	Zmr_TF_binding_motifs.meme	Zmr.bg
Zoysia_japonica	Zja_TF_list.txt	Zja_TF_binding_motifs.meme	Zja.bg
Zoysia_matrella	Zmt_TF_list.txt	Zmt_TF_binding_motifs.meme	Zmt.bg
Zoysia_pacifica	Zpa_TF_list.txt	Zpa_TF_binding_motifs.meme	Zpa.bg
